<service_requests>
	<request>
		<service_request_id>4</service_request_id>
		<status>closed</status>
        <title>Fixed in 16 Days</title>
		<service_code>5</service_code>
		<service_name>Grafitti: Graffiti On City Property</service_name>
		<description>Parks!</description>
		<requested_datetime>2009-02-04T15:11:49</requested_datetime>
		<updated_datetime>2009-02-09T19:35:16</updated_datetime>
		<lon>-75.682464838</lon>
		<lat>45.430126958</lat>
		<address>Dalhousie, Oglo</address>
	</request>
</service_requests>